B[31mFound out of bound access: ["const.c":8:20]B[37m
    array length: 5, indexed by: 7
    variable name: "myarr", allocated at: 6
