B[31mFound out of bound access: ["int.c":10:20]B[37m
    array length: 15, indexed by: 56
    variable name: "intarr", allocated at: 8
