Found out of bound access: ["const.c":8:20]: 
	 array length: 5, indexed by: 7 
 	 variable name: "myarr", allocated at: 6
