B[31mFound unitialized key access: ["global-strmap.cpp":19:16]B[37m
    variable name: "thisismymap", allocated at: 6
