B[31mFound unitialized key access: ["local-strmap.cpp":18:16]B[37m
    variable name: "thisismymap", allocated at: 7
